Sonty data-bot poller gestart -> /Users/clawdboot/sonty/sonty-data-inbox.txt
nieuw chat_id vastgelegd: 1700128390 (d2ahsbrb)
NIEUW van Joris: /start
NIEUW van Joris: Gedaan
NIEUW van Joris: Oke maar hoeveel omzet uit pergola’s en hoeveel uit voorraad schermen en wil je dit ook voor dit jaar maken aub
NIEUW van Joris: Oke maar hoeveel is het nu met de ai klantenservice dan? En daarbij komen natuurlijk ook nog alle mmensen die wel later akoord gaan toch?
poll-fout: read ECONNRESET
Sonty data-bot poller gestart -> /Users/clawdboot/sonty/sonty-data-inbox.txt
poll-fout: read ECONNRESET
Sonty data-bot poller gestart -> /Users/clawdboot/sonty/sonty-data-inbox.txt
poll-fout: read ECONNRESET
Sonty data-bot poller gestart -> /Users/clawdboot/sonty/sonty-data-inbox.txt
NIEUW van Joris: Hoe meet jij dat dan ? Want ik heb in juni iets van 190 akkoord staan? Je moet telle waar een 1 staat bij inkoop of een inkoop bedrag en dan alles wat in RP staat inmeten inplannen er bij want die komen dus nog bij de sheet
poll-fout: read ECONNRESET
Sonty data-bot poller gestart -> /Users/clawdboot/sonty/sonty-data-inbox.txt
poll-fout: timeout
Sonty data-bot poller gestart -> /Users/clawdboot/sonty/sonty-data-inbox.txt
Sonty data-bot poller gestart -> /Users/clawdboot/sonty/sonty-data-inbox.txt
poll-fout: read ECONNRESET
Sonty data-bot poller gestart -> /Users/clawdboot/sonty/sonty-data-inbox.txt
poll-fout: connect ECONNREFUSED 149.154.167.220:443
Sonty data-bot poller gestart -> /Users/clawdboot/sonty/sonty-data-inbox.txt
poll-fout: read ECONNRESET
Sonty data-bot poller gestart -> /Users/clawdboot/sonty/sonty-data-inbox.txt
NIEUW van Joris: Kun je is onderzoek doen in 1 terminal niet in alle, hoe we dit bedrijf nu zo veel mogelijk winst kunnen laten draaien en wat jii denkt dat de beste keuze’a zijn?
poll-fout: read ECONNRESET
Sonty data-bot poller gestart -> /Users/clawdboot/sonty/sonty-data-inbox.txt
